// Jest Snapshot v1, https://goo.gl/fbAQLP

exports[`ProfileStatus component should match the snapshot 1`] = `"<div><div><span>-----</span></div></div>"`;
